KRISHNA KISHORE@KRISHNAKISHORE MINGW64 ~ (main)
$ cd D:\new-project

KRISHNA KISHORE@KRISHNAKISHORE MINGW64 /d/new-project
$ git clone git@github.com:krishlovegirls/Demo.git
Cloning into 'Demo'...
remote: Enumerating objects: 9, done.
remote: Counting objects: 100% (9/9), done.
remote: Compressing objects: 100% (5/5), done.
remote: Total 9 (delta 1), reused 0 (delta 0), pack-reused 0
Receiving objects: 100% (9/9), done.
Resolving deltas: 100% (1/1), done.

KRISHNA KISHORE@KRISHNAKISHORE MINGW64 /d/new-project
$ ls
Demo/

KRISHNA KISHORE@KRISHNAKISHORE MINGW64 /d/new-project
$ cd dem
bash: cd: dem: No such file or directory

KRISHNA KISHORE@KRISHNAKISHORE MINGW64 /d/new-project
$ cd Demo/

KRISHNA KISHORE@KRISHNAKISHORE MINGW64 /d/new-project/Demo (main)
$ git branch
HEAD                origin/1st_branch   origin/main
main                origin/HEAD

KRISHNA KISHORE@KRISHNAKISHORE MINGW64 /d/new-project/Demo (main)
$ git branch
HEAD                origin/1st_branch   origin/main
main                origin/HEAD

KRISHNA KISHORE@KRISHNAKISHORE MINGW64 /d/new-project/Demo (main)
$ git branch
HEAD                origin/1st_branch   origin/main
main                origin/HEAD

KRISHNA KISHORE@KRISHNAKISHORE MINGW64 /d/new-project/Demo (main)
$ git branch
HEAD                origin/1st_branch   origin/main
main                origin/HEAD

KRISHNA KISHORE@KRISHNAKISHORE MINGW64 /d/new-project/Demo (main)
$ git branch
HEAD                origin/1st_branch   origin/main
main                origin/HEAD

KRISHNA KISHORE@KRISHNAKISHORE MINGW64 /d/new-project/Demo (main)
$ git branch
HEAD                origin/1st_branch   origin/main
main                origin/HEAD

KRISHNA KISHORE@KRISHNAKISHORE MINGW64 /d/new-project/Demo (main)
$ git branch
HEAD                origin/1st_branch   origin/main
main                origin/HEAD

KRISHNA KISHORE@KRISHNAKISHORE MINGW64 /d/new-project/Demo (main)
$ git branch
HEAD                origin/1st_branch   origin/main
main                origin/HEAD

KRISHNA KISHORE@KRISHNAKISHORE MINGW64 /d/new-project/Demo (main)
$ git status
On branch main
Your branch is up to date with 'origin/main'.

nothing to commit, working tree clean

KRISHNA KISHORE@KRISHNAKISHORE MINGW64 /d/new-project/Demo (main)
$ git checkout
Your branch is up to date with 'origin/main'.

KRISHNA KISHORE@KRISHNAKISHORE MINGW64 /d/new-project/Demo (main)
$ git checkout 1st_branch
Switched to a new branch '1st_branch'
branch '1st_branch' set up to track 'origin/1st_branch'.

KRISHNA KISHORE@KRISHNAKISHORE MINGW64 /d/new-project/Demo (1st_branch)
$ git status
On branch 1st_branch
Your branch is up to date with 'origin/1st_branch'.

nothing to commit, working tree clean

KRISHNA KISHORE@KRISHNAKISHORE MINGW64 /d/new-project/Demo (1st_branch)
$ git checkout main
Switched to branch 'main'
Your branch is up to date with 'origin/main'.

KRISHNA KISHORE@KRISHNAKISHORE MINGW64 /d/new-project/Demo (main)
$ git checkout 1st_branch
Switched to branch '1st_branch'
Your branch is up to date with 'origin/1st_branch'.

KRISHNA KISHORE@KRISHNAKISHORE MINGW64 /d/new-project/Demo (1st_branch)
$ git status
On branch 1st_branch
Your branch is up to date with 'origin/1st_branch'.

nothing to commit, working tree clean

KRISHNA KISHORE@KRISHNAKISHORE MINGW64 /d/new-project/Demo (1st_branch)
$ git status
On branch 1st_branch
Your branch is up to date with 'origin/1st_branch'.

nothing to commit, working tree clean

KRISHNA KISHORE@KRISHNAKISHORE MINGW64 /d/new-project/Demo (1st_branch)
$ git che
checkout      cherry        cherry-pick

KRISHNA KISHORE@KRISHNAKISHORE MINGW64 /d/new-project/Demo (1st_branch)
$ git che
checkout      cherry        cherry-pick

KRISHNA KISHORE@KRISHNAKISHORE MINGW64 /d/new-project/Demo (1st_branch)
$ git checkout main
Switched to branch 'main'
Your branch is up to date with 'origin/main'.

KRISHNA KISHORE@KRISHNAKISHORE MINGW64 /d/new-project/Demo (main)
$ git pull
remote: Enumerating objects: 7, done.
remote: Counting objects: 100% (7/7), done.
remote: Compressing objects: 100% (3/3), done.
remote: Total 4 (delta 0), reused 0 (delta 0), pack-reused 0
Unpacking objects: 100% (4/4), 1.33 KiB | 3.00 KiB/s, done.
From github.com:krishlovegirls/Demo
   aeea7c2..b1be315  main       -> origin/main
   482a393..b599753  1st_branch -> origin/1st_branch
Updating aeea7c2..b1be315
Fast-forward
 1st_file_1stbranch | 2 ++
 1 file changed, 2 insertions(+)
 create mode 100644 1st_file_1stbranch

KRISHNA KISHORE@KRISHNAKISHORE MINGW64 /d/new-project/Demo (main)
$ git status
On branch main
Your branch is up to date with 'origin/main'.

nothing to commit, working tree clean

KRISHNA KISHORE@KRISHNAKISHORE MINGW64 /d/new-project/Demo (main)
$ git checkout 1st_branch
Switched to branch '1st_branch'
Your branch is behind 'origin/1st_branch' by 1 commit, and can be fast-forwarded.
  (use "git pull" to update your local branch)

KRISHNA KISHORE@KRISHNAKISHORE MINGW64 /d/new-project/Demo (1st_branch)
$ git status
On branch 1st_branch
Your branch is behind 'origin/1st_branch' by 1 commit, and can be fast-forwarded.
  (use "git pull" to update your local branch)

nothing to commit, working tree clean

KRISHNA KISHORE@KRISHNAKISHORE MINGW64 /d/new-project/Demo (1st_branch)
$ git pull
Updating 482a393..b599753
Fast-forward
 1st_file_1stbranch | 1 +
 1 file changed, 1 insertion(+)

KRISHNA KISHORE@KRISHNAKISHORE MINGW64 /d/new-project/Demo (1st_branch)
$ git status
On branch 1st_branch
Your branch is up to date with 'origin/1st_branch'.

Changes not staged for commit:
  (use "git add <file>..." to update what will be committed)
  (use "git restore <file>..." to discard changes in working directory)
        modified:   1st_file_1stbranch

no changes added to commit (use "git add" and/or "git commit -a")

KRISHNA KISHORE@KRISHNAKISHORE MINGW64 /d/new-project/Demo (1st_branch)
$ git add 1st_file_1stbranch

KRISHNA KISHORE@KRISHNAKISHORE MINGW64 /d/new-project/Demo (1st_branch)
$ git status
On branch 1st_branch
Your branch is up to date with 'origin/1st_branch'.

Changes to be committed:
  (use "git restore --staged <file>..." to unstage)
        modified:   1st_file_1stbranch


KRISHNA KISHORE@KRISHNAKISHORE MINGW64 /d/new-project/Demo (1st_branch)
$ git commit -m "1st commit in bash"
[1st_branch eba3da0] 1st commit in bash
 1 file changed, 1 insertion(+)

KRISHNA KISHORE@KRISHNAKISHORE MINGW64 /d/new-project/Demo (1st_branch)
$ git push ?
fatal: '?' does not appear to be a git repository
fatal: Could not read from remote repository.

Please make sure you have the correct access rights
and the repository exists.

KRISHNA KISHORE@KRISHNAKISHORE MINGW64 /d/new-project/Demo (1st_branch)
$ git branch
* 1st_branch
  main

KRISHNA KISHORE@KRISHNAKISHORE MINGW64 /d/new-project/Demo (1st_branch)
$ git --help
usage: git [-v | --version] [-h | --help] [-C <path>] [-c <name>=<value>]
           [--exec-path[=<path>]] [--html-path] [--man-path] [--info-path]
           [-p | --paginate | -P | --no-pager] [--no-replace-objects] [--bare]
           [--git-dir=<path>] [--work-tree=<path>] [--namespace=<name>]
           [--config-env=<name>=<envvar>] <command> [<args>]

These are common Git commands used in various situations:

start a working area (see also: git help tutorial)
   clone     Clone a repository into a new directory
   init      Create an empty Git repository or reinitialize an existing one

work on the current change (see also: git help everyday)
   add       Add file contents to the index
   mv        Move or rename a file, a directory, or a symlink
   restore   Restore working tree files
   rm        Remove files from the working tree and from the index

examine the history and state (see also: git help revisions)
   bisect    Use binary search to find the commit that introduced a bug
   diff      Show changes between commits, commit and working tree, etc
   grep      Print lines matching a pattern
   log       Show commit logs
   show      Show various types of objects
   status    Show the working tree status

grow, mark and tweak your common history
   branch    List, create, or delete branches
   commit    Record changes to the repository
   merge     Join two or more development histories together
   rebase    Reapply commits on top of another base tip
   reset     Reset current HEAD to the specified state
   switch    Switch branches
   tag       Create, list, delete or verify a tag object signed with GPG

collaborate (see also: git help workflows)
   fetch     Download objects and refs from another repository
   pull      Fetch from and integrate with another repository or a local branch
   push      Update remote refs along with associated objects

'git help -a' and 'git help -g' list available subcommands and some
concept guides. See 'git help <command>' or 'git help <concept>'
to read about a specific subcommand or concept.
See 'git help git' for an overview of the system.

KRISHNA KISHORE@KRISHNAKISHORE MINGW64 /d/new-project/Demo (1st_branch)
$ git push origin 1st_branch
Enumerating objects: 5, done.
Counting objects: 100% (5/5), done.
Delta compression using up to 4 threads
Compressing objects: 100% (2/2), done.
Writing objects: 100% (3/3), 350 bytes | 116.00 KiB/s, done.
Total 3 (delta 0), reused 0 (delta 0), pack-reused 0
To github.com:krishlovegirls/Demo.git
   b599753..eba3da0  1st_branch -> 1st_branch

KRISHNA KISHORE@KRISHNAKISHORE MINGW64 /d/new-project/Demo (1st_branch)
$ git status
On branch 1st_branch
Your branch is up to date with 'origin/1st_branch'.

nothing to commit, working tree clean

KRISHNA KISHORE@KRISHNAKISHORE MINGW64 /d/new-project/Demo (1st_branch)
$ git merge main
Merge made by the 'ort' strategy.


KRISHNA KISHORE@KRISHNAKISHORE MINGW64 /d/new-project/Demo (1st_branch)
$

KRISHNA KISHORE@KRISHNAKISHORE MINGW64 /d/new-project/Demo (1st_branch)
$ git c
checkout                     cherry-pick                  clean                        commit                       credential-helper-selector   credential-manager-core
cherry                       citool                       clone                        config                       credential-manager           credential-manager-ui

KRISHNA KISHORE@KRISHNAKISHORE MINGW64 /d/new-project/Demo (1st_branch)
$ git c
checkout                     cherry-pick                  clean                        commit                       credential-helper-selector   credential-manager-core
cherry                       citool                       clone                        config                       credential-manager           credential-manager-ui

KRISHNA KISHORE@KRISHNAKISHORE MINGW64 /d/new-project/Demo (1st_branch)
$ git checkout main
Switched to branch 'main'
Your branch is up to date with 'origin/main'.

KRISHNA KISHORE@KRISHNAKISHORE MINGW64 /d/new-project/Demo (main)
$
